/Users/charlizeguillen/STM32CubeIDE/Homework16/Core/Src/main.c:83:10:read_adc	16	static
/Users/charlizeguillen/STM32CubeIDE/Homework16/Core/Src/main.c:99:6:writeINA219	32	static
/Users/charlizeguillen/STM32CubeIDE/Homework16/Core/Src/main.c:109:14:readINA219	40	static
/Users/charlizeguillen/STM32CubeIDE/Homework16/Core/Src/main.c:120:6:init_ina219	16	static
/Users/charlizeguillen/STM32CubeIDE/Homework16/Core/Src/main.c:129:7:read_ina219	24	static
/Users/charlizeguillen/STM32CubeIDE/Homework16/Core/Src/main.c:137:6:HAL_TIM_PeriodElapsedCallback	1672	static
/Users/charlizeguillen/STM32CubeIDE/Homework16/Core/Src/main.c:224:5:main	24	static
/Users/charlizeguillen/STM32CubeIDE/Homework16/Core/Src/main.c:329:6:SystemClock_Config	64	static
/Users/charlizeguillen/STM32CubeIDE/Homework16/Core/Src/main.c:368:13:MX_ADC1_Init	24	static
/Users/charlizeguillen/STM32CubeIDE/Homework16/Core/Src/main.c:425:13:MX_FDCAN1_Init	8	static
/Users/charlizeguillen/STM32CubeIDE/Homework16/Core/Src/main.c:468:13:MX_I2C2_Init	8	static
/Users/charlizeguillen/STM32CubeIDE/Homework16/Core/Src/main.c:516:13:MX_TIM1_Init	104	static
/Users/charlizeguillen/STM32CubeIDE/Homework16/Core/Src/main.c:592:13:MX_TIM2_Init	40	static
/Users/charlizeguillen/STM32CubeIDE/Homework16/Core/Src/main.c:637:13:MX_GPIO_Init	24	static
/Users/charlizeguillen/STM32CubeIDE/Homework16/Core/Src/main.c:661:6:Error_Handler	8	static,ignoring_inline_asm
