21:45:09 **** Incremental Build of configuration Debug for project FDCAN_Com_Polling ****
make -j7 all 
arm-none-eabi-size  FDCAN_Com_Polling.elf 
   text	   data	    bss	    dec	    hex	filename
  16268	    136	   2272	  18676	   48f4	FDCAN_Com_Polling.elf
Finished building: default.size.stdout
 
21:45:11 **** Incremental Build of configuration Debug for project FDCAN_Com_Polling ****
make -j7 all 
arm-none-eabi-size  FDCAN_Com_Polling.elf 
   text	   data	    bss	    dec	    hex	filename
  16268	    136	   2272	  18676	   48f4	FDCAN_Com_Polling.elf
Finished building: default.size.stdout
 
21:47:15 **** Incremental Build of configuration Debug for project FDCAN_Com_Polling ****
make -j7 all 
arm-none-eabi-size  FDCAN_Com_Polling.elf 
   text	   data	    bss	    dec	    hex	filename
  16268	    136	   2272	  18676	   48f4	FDCAN_Com_Polling.elf
Finished building: default.size.stdout
 
21:47:44 **** Incremental Build of configuration Debug for project FDCAN_Com_Polling ****
make -j7 all 
arm-none-eabi-size  FDCAN_Com_Polling.elf 
   text	   data	    bss	    dec	    hex	filename
  16268	    136	   2272	  18676	   48f4	FDCAN_Com_Polling.elf
Finished building: default.size.stdout
 
21:48:29 **** Incremental Build of configuration Debug for project FDCAN_Com_Polling ****
make -j7 all 
arm-none-eabi-size  FDCAN_Com_Polling.elf 
   text	   data	    bss	    dec	    hex	filename
  16268	    136	   2272	  18676	   48f4	FDCAN_Com_Polling.elf
Finished building: default.size.stdout
 
